// Jest Snapshot v1, https://goo.gl/fbAQLP

exports[`List.vue matches snapshot 1`] = `
<ul>
    <li>
        item 1
    </li>
    <li>
        item 2
    </li>
</ul>
`;
